<?xml version="1.0"?>
<link_info>
   <banner>TMS320C55x Linker PC v4.4.1</banner>
   <copyright>Copyright (c) 1996-2012 Texas Instruments Incorporated</copyright>
   <link_time>0x66f4599f</link_time>
   <output_file>realtime_tremolo.out</output_file>
   <entry_point>
      <name>reset_isr</name>
      <address>0x14a86</address>
   </entry_point>
   <input_file_list>
      <input_file id="fl-2">
         <path>.\src\</path>
         <kind>object</kind>
         <file>vector.obj</file>
         <name>vector.obj</name>
      </input_file>
      <input_file id="fl-3">
         <path>.\src\</path>
         <kind>object</kind>
         <file>realtime_tremoloTest.obj</file>
         <name>realtime_tremoloTest.obj</name>
      </input_file>
      <input_file id="fl-4">
         <path>.\src\</path>
         <kind>object</kind>
         <file>realtime_tremolo.obj</file>
         <name>realtime_tremolo.obj</name>
      </input_file>
      <input_file id="fl-9">
         <path>..\lib\</path>
         <kind>archive</kind>
         <file>myC55xUtil.lib</file>
         <name>AIC3204_init.obj</name>
      </input_file>
      <input_file id="fl-a">
         <path>..\lib\</path>
         <kind>archive</kind>
         <file>myC55xUtil.lib</file>
         <name>dma.obj</name>
      </input_file>
      <input_file id="fl-b">
         <path>..\lib\</path>
         <kind>archive</kind>
         <file>myC55xUtil.lib</file>
         <name>i2s.obj</name>
      </input_file>
      <input_file id="fl-c">
         <path>..\lib\</path>
         <kind>archive</kind>
         <file>myC55xUtil.lib</file>
         <name>i2s_register.obj</name>
      </input_file>
      <input_file id="fl-20">
         <path>C:\ti\ccsv5\tools\compiler\c5500_4.4.1\lib\</path>
         <kind>archive</kind>
         <file>rts55x.lib</file>
         <name>addd.obj</name>
      </input_file>
      <input_file id="fl-21">
         <path>C:\ti\ccsv5\tools\compiler\c5500_4.4.1\lib\</path>
         <kind>archive</kind>
         <file>rts55x.lib</file>
         <name>boot.obj</name>
      </input_file>
      <input_file id="fl-22">
         <path>C:\ti\ccsv5\tools\compiler\c5500_4.4.1\lib\</path>
         <kind>archive</kind>
         <file>rts55x.lib</file>
         <name>cmpd.obj</name>
      </input_file>
      <input_file id="fl-23">
         <path>C:\ti\ccsv5\tools\compiler\c5500_4.4.1\lib\</path>
         <kind>archive</kind>
         <file>rts55x.lib</file>
         <name>exit.obj</name>
      </input_file>
      <input_file id="fl-24">
         <path>C:\ti\ccsv5\tools\compiler\c5500_4.4.1\lib\</path>
         <kind>archive</kind>
         <file>rts55x.lib</file>
         <name>fixdi.obj</name>
      </input_file>
      <input_file id="fl-25">
         <path>C:\ti\ccsv5\tools\compiler\c5500_4.4.1\lib\</path>
         <kind>archive</kind>
         <file>rts55x.lib</file>
         <name>fixdli.obj</name>
      </input_file>
      <input_file id="fl-26">
         <path>C:\ti\ccsv5\tools\compiler\c5500_4.4.1\lib\</path>
         <kind>archive</kind>
         <file>rts55x.lib</file>
         <name>fltid.obj</name>
      </input_file>
      <input_file id="fl-27">
         <path>C:\ti\ccsv5\tools\compiler\c5500_4.4.1\lib\</path>
         <kind>archive</kind>
         <file>rts55x.lib</file>
         <name>fltlid.obj</name>
      </input_file>
      <input_file id="fl-28">
         <path>C:\ti\ccsv5\tools\compiler\c5500_4.4.1\lib\</path>
         <kind>archive</kind>
         <file>rts55x.lib</file>
         <name>mpyd.obj</name>
      </input_file>
      <input_file id="fl-29">
         <path>C:\ti\ccsv5\tools\compiler\c5500_4.4.1\lib\</path>
         <kind>archive</kind>
         <file>rts55x.lib</file>
         <name>printf.obj</name>
      </input_file>
      <input_file id="fl-2a">
         <path>C:\ti\ccsv5\tools\compiler\c5500_4.4.1\lib\</path>
         <kind>archive</kind>
         <file>rts55x.lib</file>
         <name>sin.obj</name>
      </input_file>
      <input_file id="fl-2b">
         <path>C:\ti\ccsv5\tools\compiler\c5500_4.4.1\lib\</path>
         <kind>archive</kind>
         <file>rts55x.lib</file>
         <name>subd.obj</name>
      </input_file>
      <input_file id="fl-2c">
         <path>C:\ti\ccsv5\tools\compiler\c5500_4.4.1\lib\</path>
         <kind>archive</kind>
         <file>rts55x.lib</file>
         <name>trunc.obj</name>
      </input_file>
      <input_file id="fl-2d">
         <path>C:\ti\ccsv5\tools\compiler\c5500_4.4.1\lib\</path>
         <kind>archive</kind>
         <file>rts55x.lib</file>
         <name>vectors.obj</name>
      </input_file>
      <input_file id="fl-2e">
         <path>C:\ti\ccsv5\tools\compiler\c5500_4.4.1\lib\</path>
         <kind>archive</kind>
         <file>rts55x.lib</file>
         <name>_lock.obj</name>
      </input_file>
      <input_file id="fl-2f">
         <path>C:\ti\ccsv5\tools\compiler\c5500_4.4.1\lib\</path>
         <kind>archive</kind>
         <file>rts55x.lib</file>
         <name>_printfi.obj</name>
      </input_file>
      <input_file id="fl-30">
         <path>C:\ti\ccsv5\tools\compiler\c5500_4.4.1\lib\</path>
         <kind>archive</kind>
         <file>rts55x.lib</file>
         <name>args_main.obj</name>
      </input_file>
      <input_file id="fl-31">
         <path>C:\ti\ccsv5\tools\compiler\c5500_4.4.1\lib\</path>
         <kind>archive</kind>
         <file>rts55x.lib</file>
         <name>atoi.obj</name>
      </input_file>
      <input_file id="fl-32">
         <path>C:\ti\ccsv5\tools\compiler\c5500_4.4.1\lib\</path>
         <kind>archive</kind>
         <file>rts55x.lib</file>
         <name>autoinit.obj</name>
      </input_file>
      <input_file id="fl-33">
         <path>C:\ti\ccsv5\tools\compiler\c5500_4.4.1\lib\</path>
         <kind>archive</kind>
         <file>rts55x.lib</file>
         <name>ctype.obj</name>
      </input_file>
      <input_file id="fl-34">
         <path>C:\ti\ccsv5\tools\compiler\c5500_4.4.1\lib\</path>
         <kind>archive</kind>
         <file>rts55x.lib</file>
         <name>defs.obj</name>
      </input_file>
      <input_file id="fl-35">
         <path>C:\ti\ccsv5\tools\compiler\c5500_4.4.1\lib\</path>
         <kind>archive</kind>
         <file>rts55x.lib</file>
         <name>divd.obj</name>
      </input_file>
      <input_file id="fl-36">
         <path>C:\ti\ccsv5\tools\compiler\c5500_4.4.1\lib\</path>
         <kind>archive</kind>
         <file>rts55x.lib</file>
         <name>divul.obj</name>
      </input_file>
      <input_file id="fl-37">
         <path>C:\ti\ccsv5\tools\compiler\c5500_4.4.1\lib\</path>
         <kind>archive</kind>
         <file>rts55x.lib</file>
         <name>fputc.obj</name>
      </input_file>
      <input_file id="fl-38">
         <path>C:\ti\ccsv5\tools\compiler\c5500_4.4.1\lib\</path>
         <kind>archive</kind>
         <file>rts55x.lib</file>
         <name>fputs.obj</name>
      </input_file>
      <input_file id="fl-39">
         <path>C:\ti\ccsv5\tools\compiler\c5500_4.4.1\lib\</path>
         <kind>archive</kind>
         <file>rts55x.lib</file>
         <name>frcmpyd.obj</name>
      </input_file>
      <input_file id="fl-3a">
         <path>C:\ti\ccsv5\tools\compiler\c5500_4.4.1\lib\</path>
         <kind>archive</kind>
         <file>rts55x.lib</file>
         <name>frcmpyd_div.obj</name>
      </input_file>
      <input_file id="fl-3b">
         <path>C:\ti\ccsv5\tools\compiler\c5500_4.4.1\lib\</path>
         <kind>archive</kind>
         <file>rts55x.lib</file>
         <name>isinf.obj</name>
      </input_file>
      <input_file id="fl-3c">
         <path>C:\ti\ccsv5\tools\compiler\c5500_4.4.1\lib\</path>
         <kind>archive</kind>
         <file>rts55x.lib</file>
         <name>llmpy.obj</name>
      </input_file>
      <input_file id="fl-3d">
         <path>C:\ti\ccsv5\tools\compiler\c5500_4.4.1\lib\</path>
         <kind>archive</kind>
         <file>rts55x.lib</file>
         <name>lmpy.obj</name>
      </input_file>
      <input_file id="fl-3e">
         <path>C:\ti\ccsv5\tools\compiler\c5500_4.4.1\lib\</path>
         <kind>archive</kind>
         <file>rts55x.lib</file>
         <name>lowlev.obj</name>
      </input_file>
      <input_file id="fl-3f">
         <path>C:\ti\ccsv5\tools\compiler\c5500_4.4.1\lib\</path>
         <kind>archive</kind>
         <file>rts55x.lib</file>
         <name>ltoa.obj</name>
      </input_file>
      <input_file id="fl-40">
         <path>C:\ti\ccsv5\tools\compiler\c5500_4.4.1\lib\</path>
         <kind>archive</kind>
         <file>rts55x.lib</file>
         <name>memccpy.obj</name>
      </input_file>
      <input_file id="fl-41">
         <path>C:\ti\ccsv5\tools\compiler\c5500_4.4.1\lib\</path>
         <kind>archive</kind>
         <file>rts55x.lib</file>
         <name>memcpy.obj</name>
      </input_file>
      <input_file id="fl-42">
         <path>C:\ti\ccsv5\tools\compiler\c5500_4.4.1\lib\</path>
         <kind>archive</kind>
         <file>rts55x.lib</file>
         <name>modf.obj</name>
      </input_file>
      <input_file id="fl-43">
         <path>C:\ti\ccsv5\tools\compiler\c5500_4.4.1\lib\</path>
         <kind>archive</kind>
         <file>rts55x.lib</file>
         <name>negd.obj</name>
      </input_file>
      <input_file id="fl-44">
         <path>C:\ti\ccsv5\tools\compiler\c5500_4.4.1\lib\</path>
         <kind>archive</kind>
         <file>rts55x.lib</file>
         <name>remli.obj</name>
      </input_file>
      <input_file id="fl-45">
         <path>C:\ti\ccsv5\tools\compiler\c5500_4.4.1\lib\</path>
         <kind>archive</kind>
         <file>rts55x.lib</file>
         <name>remul.obj</name>
      </input_file>
      <input_file id="fl-46">
         <path>C:\ti\ccsv5\tools\compiler\c5500_4.4.1\lib\</path>
         <kind>archive</kind>
         <file>rts55x.lib</file>
         <name>round.obj</name>
      </input_file>
      <input_file id="fl-47">
         <path>C:\ti\ccsv5\tools\compiler\c5500_4.4.1\lib\</path>
         <kind>archive</kind>
         <file>rts55x.lib</file>
         <name>trgdrv.obj</name>
      </input_file>
      <input_file id="fl-48">
         <path>C:\ti\ccsv5\tools\compiler\c5500_4.4.1\lib\</path>
         <kind>archive</kind>
         <file>rts55x.lib</file>
         <name>trgmsg.obj</name>
      </input_file>
      <input_file id="fl-49">
         <path>C:\ti\ccsv5\tools\compiler\c5500_4.4.1\lib\</path>
         <kind>archive</kind>
         <file>rts55x.lib</file>
         <name>udiv.obj</name>
      </input_file>
      <input_file id="fl-4a">
         <path>C:\ti\ccsv5\tools\compiler\c5500_4.4.1\lib\</path>
         <kind>archive</kind>
         <file>rts55x.lib</file>
         <name>_io_perm.obj</name>
      </input_file>
      <input_file id="fl-4b">
         <path>C:\ti\ccsv5\tools\compiler\c5500_4.4.1\lib\</path>
         <kind>archive</kind>
         <file>rts55x.lib</file>
         <name>divli.obj</name>
      </input_file>
      <input_file id="fl-4c">
         <path>C:\ti\ccsv5\tools\compiler\c5500_4.4.1\lib\</path>
         <kind>archive</kind>
         <file>rts55x.lib</file>
         <name>fflush.obj</name>
      </input_file>
      <input_file id="fl-4d">
         <path>C:\ti\ccsv5\tools\compiler\c5500_4.4.1\lib\</path>
         <kind>archive</kind>
         <file>rts55x.lib</file>
         <name>fseek.obj</name>
      </input_file>
      <input_file id="fl-4e">
         <path>C:\ti\ccsv5\tools\compiler\c5500_4.4.1\lib\</path>
         <kind>archive</kind>
         <file>rts55x.lib</file>
         <name>setvbuf.obj</name>
      </input_file>
      <input_file id="fl-4f">
         <path>C:\ti\ccsv5\tools\compiler\c5500_4.4.1\lib\</path>
         <kind>archive</kind>
         <file>rts55x.lib</file>
         <name>fopen.obj</name>
      </input_file>
      <input_file id="fl-50">
         <path>C:\ti\ccsv5\tools\compiler\c5500_4.4.1\lib\</path>
         <kind>archive</kind>
         <file>rts55x.lib</file>
         <name>memory.obj</name>
      </input_file>
      <input_file id="fl-51">
         <path>C:\ti\ccsv5\tools\compiler\c5500_4.4.1\lib\</path>
         <kind>archive</kind>
         <file>rts55x.lib</file>
         <name>fclose.obj</name>
      </input_file>
      <input_file id="fl-52">
         <path>C:\ti\ccsv5\tools\compiler\c5500_4.4.1\lib\</path>
         <kind>archive</kind>
         <file>rts55x.lib</file>
         <name>remove.obj</name>
      </input_file>
   </input_file_list>
   <object_component_list>
      <object_component id="oc-21">
         <name>vectors</name>
         <load_address>0x700</load_address>
         <run_address>0x700</run_address>
         <size>0x100</size>
         <input_file_ref idref="fl-2d"/>
      </object_component>
      <object_component id="oc-26">
         <name>.bss</name>
         <uninitialized>true</uninitialized>
         <run_address>0x5a4</run_address>
         <size>0x14</size>
         <input_file_ref idref="fl-4"/>
      </object_component>
      <object_component id="oc-33">
         <name>.bss</name>
         <uninitialized>true</uninitialized>
         <run_address>0x5e4</run_address>
         <size>0x6</size>
         <input_file_ref idref="fl-9"/>
      </object_component>
      <object_component id="oc-35">
         <name>.bss</name>
         <uninitialized>true</uninitialized>
         <run_address>0x578</run_address>
         <size>0x2c</size>
         <input_file_ref idref="fl-a"/>
      </object_component>
      <object_component id="oc-38">
         <name>.bss</name>
         <uninitialized>true</uninitialized>
         <run_address>0x492</run_address>
         <size>0x2</size>
         <input_file_ref idref="fl-b"/>
      </object_component>
      <object_component id="oc-49">
         <name>.bss</name>
         <uninitialized>true</uninitialized>
         <run_address>0x5dc</run_address>
         <size>0x8</size>
         <input_file_ref idref="fl-23"/>
      </object_component>
      <object_component id="oc-69">
         <name>.bss</name>
         <uninitialized>true</uninitialized>
         <run_address>0x5b8</run_address>
         <size>0x10</size>
         <input_file_ref idref="fl-2a"/>
      </object_component>
      <object_component id="oc-7d">
         <name>.bss</name>
         <uninitialized>true</uninitialized>
         <run_address>0x5d4</run_address>
         <size>0x8</size>
         <input_file_ref idref="fl-2e"/>
      </object_component>
      <object_component id="oc-96">
         <name>.bss</name>
         <uninitialized>true</uninitialized>
         <run_address>0xc0</run_address>
         <size>0x232</size>
         <input_file_ref idref="fl-34"/>
      </object_component>
      <object_component id="oc-c0">
         <name>.bss</name>
         <uninitialized>true</uninitialized>
         <run_address>0x494</run_address>
         <size>0xe2</size>
         <input_file_ref idref="fl-3e"/>
      </object_component>
      <object_component id="oc-e8">
         <name>.bss</name>
         <uninitialized>true</uninitialized>
         <run_address>0x2f2</run_address>
         <size>0x1a0</size>
         <input_file_ref idref="fl-47"/>
      </object_component>
      <object_component id="oc-10b">
         <name>.bss</name>
         <uninitialized>true</uninitialized>
         <run_address>0x576</run_address>
         <size>0x2</size>
         <input_file_ref idref="fl-4f"/>
      </object_component>
      <object_component id="oc-111">
         <name>.bss</name>
         <uninitialized>true</uninitialized>
         <run_address>0x5c8</run_address>
         <size>0xc</size>
         <input_file_ref idref="fl-50"/>
      </object_component>
      <object_component id="oc-22">
         <name>vector</name>
         <load_address>0x600</load_address>
         <run_address>0x600</run_address>
         <size>0x100</size>
         <input_file_ref idref="fl-2"/>
      </object_component>
      <object_component id="oc-40">
         <name>.stack</name>
         <uninitialized>true</uninitialized>
         <run_address>0x4000</run_address>
         <size>0x0</size>
         <input_file_ref idref="fl-21"/>
      </object_component>
      <object_component id="oc-147">
         <name>.stack</name>
         <uninitialized>true</uninitialized>
         <run_address>0x4000</run_address>
         <size>0x0</size>
      </object_component>
      <object_component id="oc-11f">
         <name>.sysstack</name>
         <uninitialized>true</uninitialized>
         <run_address>0x5000</run_address>
         <size>0x0</size>
         <input_file_ref idref="fl-21"/>
      </object_component>
      <object_component id="oc-149">
         <name>.sysstack</name>
         <uninitialized>true</uninitialized>
         <run_address>0x5000</run_address>
         <size>0x0</size>
      </object_component>
      <object_component id="oc-114">
         <name>.sysmem</name>
         <uninitialized>true</uninitialized>
         <run_address>0x6000</run_address>
         <size>0x0</size>
         <input_file_ref idref="fl-50"/>
      </object_component>
      <object_component id="oc-148">
         <name>.sysmem</name>
         <uninitialized>true</uninitialized>
         <run_address>0x6000</run_address>
         <size>0x0</size>
      </object_component>
      <object_component id="oc-82">
         <name>.text</name>
         <load_address>0x10000</load_address>
         <run_address>0x10000</run_address>
         <size>0x15a4</size>
         <input_file_ref idref="fl-2f"/>
      </object_component>
      <object_component id="oc-bf">
         <name>.text</name>
         <load_address>0x115a4</load_address>
         <run_address>0x115a4</run_address>
         <size>0x543</size>
         <input_file_ref idref="fl-3e"/>
      </object_component>
      <object_component id="oc-e7">
         <name>.text</name>
         <load_address>0x11ae7</load_address>
         <run_address>0x11ae7</run_address>
         <size>0x528</size>
         <input_file_ref idref="fl-47"/>
      </object_component>
      <object_component id="oc-110">
         <name>.text</name>
         <load_address>0x1200f</load_address>
         <run_address>0x1200f</run_address>
         <size>0x4b5</size>
         <input_file_ref idref="fl-50"/>
      </object_component>
      <object_component id="oc-34">
         <name>.text</name>
         <load_address>0x124c4</load_address>
         <run_address>0x124c4</run_address>
         <size>0x4a3</size>
         <input_file_ref idref="fl-a"/>
      </object_component>
      <object_component id="oc-9a">
         <name>.text</name>
         <load_address>0x12967</load_address>
         <run_address>0x12967</run_address>
         <size>0x3cc</size>
         <input_file_ref idref="fl-35"/>
      </object_component>
      <object_component id="oc-32">
         <name>.text</name>
         <load_address>0x12d33</load_address>
         <run_address>0x12d33</run_address>
         <size>0x32e</size>
         <input_file_ref idref="fl-9"/>
      </object_component>
      <object_component id="oc-25">
         <name>.text</name>
         <load_address>0x13061</load_address>
         <run_address>0x13061</run_address>
         <size>0x313</size>
         <input_file_ref idref="fl-4"/>
      </object_component>
      <object_component id="oc-3a">
         <name>.text</name>
         <load_address>0x13374</load_address>
         <run_address>0x13374</run_address>
         <size>0x298</size>
         <input_file_ref idref="fl-c"/>
      </object_component>
      <object_component id="oc-10a">
         <name>.text</name>
         <load_address>0x1360c</load_address>
         <run_address>0x1360c</run_address>
         <size>0x27f</size>
         <input_file_ref idref="fl-4f"/>
      </object_component>
      <object_component id="oc-b7">
         <name>.text</name>
         <load_address>0x1388b</load_address>
         <run_address>0x1388b</run_address>
         <size>0x25e</size>
         <input_file_ref idref="fl-3c"/>
      </object_component>
      <object_component id="oc-3b">
         <name>.text</name>
         <load_address>0x13ae9</load_address>
         <run_address>0x13ae9</run_address>
         <size>0x25a</size>
         <input_file_ref idref="fl-20"/>
      </object_component>
      <object_component id="oc-68">
         <name>.text</name>
         <load_address>0x13d43</load_address>
         <run_address>0x13d43</run_address>
         <size>0x1f2</size>
         <input_file_ref idref="fl-2a"/>
      </object_component>
      <object_component id="oc-44">
         <name>.text</name>
         <load_address>0x13f35</load_address>
         <run_address>0x13f35</run_address>
         <size>0x1ea</size>
         <input_file_ref idref="fl-22"/>
      </object_component>
      <object_component id="oc-a6">
         <name>.text</name>
         <load_address>0x1411f</load_address>
         <run_address>0x1411f</run_address>
         <size>0x163</size>
         <input_file_ref idref="fl-38"/>
      </object_component>
      <object_component id="oc-60">
         <name>.text</name>
         <load_address>0x14282</load_address>
         <run_address>0x14282</run_address>
         <size>0x14c</size>
         <input_file_ref idref="fl-28"/>
      </object_component>
      <object_component id="oc-106">
         <name>.text</name>
         <load_address>0x143ce</load_address>
         <run_address>0x143ce</run_address>
         <size>0xe6</size>
         <input_file_ref idref="fl-4e"/>
      </object_component>
      <object_component id="oc-f6">
         <name>.text</name>
         <load_address>0x144b4</load_address>
         <run_address>0x144b4</run_address>
         <size>0xdd</size>
         <input_file_ref idref="fl-4a"/>
      </object_component>
      <object_component id="oc-fe">
         <name>.text</name>
         <load_address>0x14591</load_address>
         <run_address>0x14591</run_address>
         <size>0xc2</size>
         <input_file_ref idref="fl-4c"/>
      </object_component>
      <object_component id="oc-d1">
         <name>.text</name>
         <load_address>0x14653</load_address>
         <run_address>0x14653</run_address>
         <size>0xbf</size>
         <input_file_ref idref="fl-42"/>
      </object_component>
      <object_component id="oc-ef">
         <name>.text:CIO_breakpoint</name>
         <load_address>0x14712</load_address>
         <run_address>0x14712</run_address>
         <size>0xba</size>
         <input_file_ref idref="fl-48"/>
      </object_component>
      <object_component id="oc-a2">
         <name>.text</name>
         <load_address>0x147cc</load_address>
         <run_address>0x147cc</run_address>
         <size>0xa6</size>
         <input_file_ref idref="fl-37"/>
      </object_component>
      <object_component id="oc-9e">
         <name>.text</name>
         <load_address>0x14872</load_address>
         <run_address>0x14872</run_address>
         <size>0xa1</size>
         <input_file_ref idref="fl-36"/>
      </object_component>
      <object_component id="oc-c5">
         <name>.text</name>
         <load_address>0x14913</load_address>
         <run_address>0x14913</run_address>
         <size>0x7d</size>
         <input_file_ref idref="fl-3f"/>
      </object_component>
      <object_component id="oc-23">
         <name>.text</name>
         <load_address>0x14990</load_address>
         <run_address>0x14990</run_address>
         <size>0x7b</size>
         <input_file_ref idref="fl-3"/>
      </object_component>
      <object_component id="oc-117">
         <name>.text</name>
         <load_address>0x14a0b</load_address>
         <run_address>0x14a0b</run_address>
         <size>0x7b</size>
         <input_file_ref idref="fl-51"/>
      </object_component>
      <object_component id="oc-20">
         <name>.text</name>
         <load_address>0x14a86</load_address>
         <run_address>0x14a86</run_address>
         <size>0x79</size>
         <input_file_ref idref="fl-2"/>
      </object_component>
      <object_component id="oc-ab">
         <name>.text</name>
         <load_address>0x14aff</load_address>
         <run_address>0x14aff</run_address>
         <size>0x76</size>
         <input_file_ref idref="fl-39"/>
      </object_component>
      <object_component id="oc-af">
         <name>.text</name>
         <load_address>0x14b75</load_address>
         <run_address>0x14b75</run_address>
         <size>0x73</size>
         <input_file_ref idref="fl-3a"/>
      </object_component>
      <object_component id="oc-de">
         <name>.text</name>
         <load_address>0x14be8</load_address>
         <run_address>0x14be8</run_address>
         <size>0x72</size>
         <input_file_ref idref="fl-45"/>
      </object_component>
      <object_component id="oc-53">
         <name>.text</name>
         <load_address>0x14c5a</load_address>
         <run_address>0x14c5a</run_address>
         <size>0x6f</size>
         <input_file_ref idref="fl-25"/>
      </object_component>
      <object_component id="oc-ec">
         <name>.text</name>
         <load_address>0x14cc9</load_address>
         <run_address>0x14cc9</run_address>
         <size>0x6d</size>
         <input_file_ref idref="fl-48"/>
      </object_component>
      <object_component id="oc-102">
         <name>.text</name>
         <load_address>0x14d36</load_address>
         <run_address>0x14d36</run_address>
         <size>0x6b</size>
         <input_file_ref idref="fl-4d"/>
      </object_component>
      <object_component id="oc-5b">
         <name>.text</name>
         <load_address>0x14da1</load_address>
         <run_address>0x14da1</run_address>
         <size>0x67</size>
         <input_file_ref idref="fl-27"/>
      </object_component>
      <object_component id="oc-e2">
         <name>.text</name>
         <load_address>0x14e08</load_address>
         <run_address>0x14e08</run_address>
         <size>0x5f</size>
         <input_file_ref idref="fl-46"/>
      </object_component>
      <object_component id="oc-8c">
         <name>.text</name>
         <load_address>0x14e67</load_address>
         <run_address>0x14e67</run_address>
         <size>0x5c</size>
         <input_file_ref idref="fl-31"/>
      </object_component>
      <object_component id="oc-37">
         <name>.text</name>
         <load_address>0x14ec3</load_address>
         <run_address>0x14ec3</run_address>
         <size>0x51</size>
         <input_file_ref idref="fl-b"/>
      </object_component>
      <object_component id="oc-64">
         <name>.text</name>
         <load_address>0x14f14</load_address>
         <run_address>0x14f14</run_address>
         <size>0x50</size>
         <input_file_ref idref="fl-29"/>
      </object_component>
      <object_component id="oc-90">
         <name>.text</name>
         <load_address>0x14f64</load_address>
         <run_address>0x14f64</run_address>
         <size>0x4d</size>
         <input_file_ref idref="fl-32"/>
      </object_component>
      <object_component id="oc-88">
         <name>.text</name>
         <load_address>0x14fb1</load_address>
         <run_address>0x14fb1</run_address>
         <size>0x4b</size>
         <input_file_ref idref="fl-30"/>
      </object_component>
      <object_component id="oc-da">
         <name>.text</name>
         <load_address>0x14ffc</load_address>
         <run_address>0x14ffc</run_address>
         <size>0x4b</size>
         <input_file_ref idref="fl-44"/>
      </object_component>
      <object_component id="oc-fa">
         <name>.text</name>
         <load_address>0x15047</load_address>
         <run_address>0x15047</run_address>
         <size>0x48</size>
         <input_file_ref idref="fl-4b"/>
      </object_component>
      <object_component id="oc-73">
         <name>.text</name>
         <load_address>0x1508f</load_address>
         <run_address>0x1508f</run_address>
         <size>0x41</size>
         <input_file_ref idref="fl-2c"/>
      </object_component>
      <object_component id="oc-cd">
         <name>.text</name>
         <load_address>0x150d0</load_address>
         <run_address>0x150d0</run_address>
         <size>0x3f</size>
         <input_file_ref idref="fl-41"/>
      </object_component>
      <object_component id="oc-48">
         <name>.text</name>
         <load_address>0x1510f</load_address>
         <run_address>0x1510f</run_address>
         <size>0x3e</size>
         <input_file_ref idref="fl-23"/>
      </object_component>
      <object_component id="oc-3f">
         <name>.text</name>
         <load_address>0x1514d</load_address>
         <run_address>0x1514d</run_address>
         <size>0x34</size>
         <input_file_ref idref="fl-21"/>
      </object_component>
      <object_component id="oc-4f">
         <name>.text</name>
         <load_address>0x15181</load_address>
         <run_address>0x15181</run_address>
         <size>0x2a</size>
         <input_file_ref idref="fl-24"/>
      </object_component>
      <object_component id="oc-f2">
         <name>.text</name>
         <load_address>0x151ab</load_address>
         <run_address>0x151ab</run_address>
         <size>0x2a</size>
         <input_file_ref idref="fl-49"/>
      </object_component>
      <object_component id="oc-c9">
         <name>.text</name>
         <load_address>0x151d5</load_address>
         <run_address>0x151d5</run_address>
         <size>0x23</size>
         <input_file_ref idref="fl-40"/>
      </object_component>
      <object_component id="oc-b3">
         <name>.text</name>
         <load_address>0x151f8</load_address>
         <run_address>0x151f8</run_address>
         <size>0x1a</size>
         <input_file_ref idref="fl-3b"/>
      </object_component>
      <object_component id="oc-6f">
         <name>.text</name>
         <load_address>0x15212</load_address>
         <run_address>0x15212</run_address>
         <size>0x14</size>
         <input_file_ref idref="fl-2b"/>
      </object_component>
      <object_component id="oc-bb">
         <name>.text</name>
         <load_address>0x15226</load_address>
         <run_address>0x15226</run_address>
         <size>0x13</size>
         <input_file_ref idref="fl-3d"/>
      </object_component>
      <object_component id="oc-7c">
         <name>.text</name>
         <load_address>0x15239</load_address>
         <run_address>0x15239</run_address>
         <size>0x12</size>
         <input_file_ref idref="fl-2e"/>
      </object_component>
      <object_component id="oc-d6">
         <name>.text</name>
         <load_address>0x1524b</load_address>
         <run_address>0x1524b</run_address>
         <size>0x10</size>
         <input_file_ref idref="fl-43"/>
      </object_component>
      <object_component id="oc-57">
         <name>.text</name>
         <load_address>0x1525b</load_address>
         <run_address>0x1525b</run_address>
         <size>0xc</size>
         <input_file_ref idref="fl-26"/>
      </object_component>
      <object_component id="oc-11b">
         <name>.text</name>
         <load_address>0x15267</load_address>
         <run_address>0x15267</run_address>
         <size>0xa</size>
         <input_file_ref idref="fl-52"/>
      </object_component>
      <object_component id="oc-4c">
         <name>.text:CIO_breakpoint</name>
         <load_address>0x15271</load_address>
         <run_address>0x15271</run_address>
         <size>0x7</size>
         <input_file_ref idref="fl-23"/>
      </object_component>
      <object_component id="oc-78">
         <name>.text</name>
         <load_address>0x15278</load_address>
         <run_address>0x15278</run_address>
         <size>0x2</size>
         <input_file_ref idref="fl-2d"/>
      </object_component>
      <object_component id="oc-c2">
         <name>.cinit</name>
         <load_address>0x15870</load_address>
         <run_address>0x15870</run_address>
         <size>0x5a</size>
         <input_file_ref idref="fl-3e"/>
      </object_component>
      <object_component id="oc-98">
         <name>.cinit</name>
         <load_address>0x158ca</load_address>
         <run_address>0x158ca</run_address>
         <size>0x54</size>
         <input_file_ref idref="fl-34"/>
      </object_component>
      <object_component id="oc-36">
         <name>.cinit</name>
         <load_address>0x1591e</load_address>
         <run_address>0x1591e</run_address>
         <size>0x30</size>
         <input_file_ref idref="fl-a"/>
      </object_component>
      <object_component id="oc-6b">
         <name>.cinit</name>
         <load_address>0x1594e</load_address>
         <run_address>0x1594e</run_address>
         <size>0x16</size>
         <input_file_ref idref="fl-2a"/>
      </object_component>
      <object_component id="oc-7f">
         <name>.cinit</name>
         <load_address>0x15964</load_address>
         <run_address>0x15964</run_address>
         <size>0x14</size>
         <input_file_ref idref="fl-2e"/>
      </object_component>
      <object_component id="oc-4b">
         <name>.cinit</name>
         <load_address>0x15978</load_address>
         <run_address>0x15978</run_address>
         <size>0x14</size>
         <input_file_ref idref="fl-23"/>
      </object_component>
      <object_component id="oc-39">
         <name>.cinit</name>
         <load_address>0x1598c</load_address>
         <run_address>0x1598c</run_address>
         <size>0x8</size>
         <input_file_ref idref="fl-b"/>
      </object_component>
      <object_component id="oc-10d">
         <name>.cinit</name>
         <load_address>0x15994</load_address>
         <run_address>0x15994</run_address>
         <size>0x8</size>
         <input_file_ref idref="fl-4f"/>
      </object_component>
      <object_component id="oc-113">
         <name>.cinit</name>
         <load_address>0x1599c</load_address>
         <run_address>0x1599c</run_address>
         <size>0x8</size>
         <input_file_ref idref="fl-50"/>
      </object_component>
      <object_component id="oc-120">
         <name>.const:__ctypes_</name>
         <load_address>0x1527c</load_address>
         <run_address>0x1527c</run_address>
         <size>0x202</size>
         <input_file_ref idref="fl-33"/>
      </object_component>
      <object_component id="oc-31">
         <name>.const:.string</name>
         <load_address>0x15480</load_address>
         <run_address>0x15480</run_address>
         <size>0x74</size>
         <input_file_ref idref="fl-4"/>
      </object_component>
      <object_component id="oc-24">
         <name>.const:.string</name>
         <load_address>0x154f4</load_address>
         <run_address>0x154f4</run_address>
         <size>0x4c</size>
         <input_file_ref idref="fl-3"/>
      </object_component>
      <object_component id="oc-85">
         <name>.const:.string</name>
         <load_address>0x15540</load_address>
         <run_address>0x15540</run_address>
         <size>0x48</size>
         <input_file_ref idref="fl-2f"/>
      </object_component>
      <object_component id="oc-30">
         <name>.const</name>
         <load_address>0x15588</load_address>
         <run_address>0x15588</run_address>
         <size>0x28</size>
         <input_file_ref idref="fl-4"/>
      </object_component>
      <object_component id="oc-6c">
         <name>.const</name>
         <load_address>0x155b0</load_address>
         <run_address>0x155b0</run_address>
         <size>0x28</size>
         <input_file_ref idref="fl-2a"/>
      </object_component>
      <object_component id="oc-84">
         <name>.const</name>
         <load_address>0x155d8</load_address>
         <run_address>0x155d8</run_address>
         <size>0x18</size>
         <input_file_ref idref="fl-2f"/>
      </object_component>
      <object_component id="oc-121">
         <name>.const:_initial_approx$1</name>
         <load_address>0x155f0</load_address>
         <run_address>0x155f0</run_address>
         <size>0x10</size>
         <input_file_ref idref="fl-35"/>
      </object_component>
      <object_component id="oc-e4">
         <name>.const</name>
         <load_address>0x15600</load_address>
         <run_address>0x15600</run_address>
         <size>0x10</size>
         <input_file_ref idref="fl-46"/>
      </object_component>
      <object_component id="oc-d3">
         <name>.const</name>
         <load_address>0x15610</load_address>
         <run_address>0x15610</run_address>
         <size>0xc</size>
         <input_file_ref idref="fl-42"/>
      </object_component>
      <object_component id="oc-75">
         <name>.const</name>
         <load_address>0x1561c</load_address>
         <run_address>0x1561c</run_address>
         <size>0x8</size>
         <input_file_ref idref="fl-2c"/>
      </object_component>
      <object_component id="oc-a8">
         <name>.const:.string</name>
         <load_address>0x15624</load_address>
         <run_address>0x15624</run_address>
         <size>0x4</size>
         <input_file_ref idref="fl-38"/>
      </object_component>
      <object_component id="oc-5d">
         <name>.const</name>
         <load_address>0x15628</load_address>
         <run_address>0x15628</run_address>
         <size>0x4</size>
         <input_file_ref idref="fl-27"/>
      </object_component>
      <object_component id="oc-ee">
         <name>.cio</name>
         <uninitialized>true</uninitialized>
         <run_address>0x15630</run_address>
         <size>0x240</size>
         <input_file_ref idref="fl-48"/>
      </object_component>
      <object_component id="oc-2f">
         <name>scratch_buf</name>
         <uninitialized>true</uninitialized>
         <run_address>0x2000</run_address>
         <size>0x800</size>
         <input_file_ref idref="fl-4"/>
      </object_component>
      <object_component id="oc-2b">
         <name>RcvL1</name>
         <uninitialized>true</uninitialized>
         <run_address>0x7000</run_address>
         <size>0x800</size>
         <input_file_ref idref="fl-4"/>
      </object_component>
      <object_component id="oc-2d">
         <name>RcvL2</name>
         <uninitialized>true</uninitialized>
         <run_address>0x7800</run_address>
         <size>0x800</size>
         <input_file_ref idref="fl-4"/>
      </object_component>
      <object_component id="oc-2c">
         <name>RcvR1</name>
         <uninitialized>true</uninitialized>
         <run_address>0x8000</run_address>
         <size>0x800</size>
         <input_file_ref idref="fl-4"/>
      </object_component>
      <object_component id="oc-2e">
         <name>RcvR2</name>
         <uninitialized>true</uninitialized>
         <run_address>0x8800</run_address>
         <size>0x800</size>
         <input_file_ref idref="fl-4"/>
      </object_component>
      <object_component id="oc-27">
         <name>XmitL1</name>
         <uninitialized>true</uninitialized>
         <run_address>0xc000</run_address>
         <size>0x800</size>
         <input_file_ref idref="fl-4"/>
      </object_component>
      <object_component id="oc-29">
         <name>XmitL2</name>
         <uninitialized>true</uninitialized>
         <run_address>0xc800</run_address>
         <size>0x800</size>
         <input_file_ref idref="fl-4"/>
      </object_component>
      <object_component id="oc-28">
         <name>XmitR1</name>
         <uninitialized>true</uninitialized>
         <run_address>0xe000</run_address>
         <size>0x800</size>
         <input_file_ref idref="fl-4"/>
      </object_component>
      <object_component id="oc-2a">
         <name>XmitR2</name>
         <uninitialized>true</uninitialized>
         <run_address>0xe800</run_address>
         <size>0x800</size>
         <input_file_ref idref="fl-4"/>
      </object_component>
      <object_component id="oc-3c">
         <name>.debug_info</name>
         <load_address>0x0</load_address>
         <run_address>0x0</run_address>
         <size>0x5ab</size>
         <input_file_ref idref="fl-20"/>
      </object_component>
      <object_component id="oc-41">
         <name>.debug_info</name>
         <load_address>0x5ab</load_address>
         <run_address>0x5ab</run_address>
         <size>0xe8</size>
         <input_file_ref idref="fl-21"/>
      </object_component>
      <object_component id="oc-45">
         <name>.debug_info</name>
         <load_address>0x693</load_address>
         <run_address>0x693</run_address>
         <size>0x81f</size>
         <input_file_ref idref="fl-22"/>
      </object_component>
      <object_component id="oc-4a">
         <name>.debug_info</name>
         <load_address>0xeb2</load_address>
         <run_address>0xeb2</run_address>
         <size>0x5fb</size>
         <input_file_ref idref="fl-23"/>
      </object_component>
      <object_component id="oc-50">
         <name>.debug_info</name>
         <load_address>0x14ad</load_address>
         <run_address>0x14ad</run_address>
         <size>0x4cf</size>
         <input_file_ref idref="fl-24"/>
      </object_component>
      <object_component id="oc-54">
         <name>.debug_info</name>
         <load_address>0x197c</load_address>
         <run_address>0x197c</run_address>
         <size>0x534</size>
         <input_file_ref idref="fl-25"/>
      </object_component>
      <object_component id="oc-58">
         <name>.debug_info</name>
         <load_address>0x1eb0</load_address>
         <run_address>0x1eb0</run_address>
         <size>0x4cf</size>
         <input_file_ref idref="fl-26"/>
      </object_component>
      <object_component id="oc-5c">
         <name>.debug_info</name>
         <load_address>0x237f</load_address>
         <run_address>0x237f</run_address>
         <size>0x549</size>
         <input_file_ref idref="fl-27"/>
      </object_component>
      <object_component id="oc-61">
         <name>.debug_info</name>
         <load_address>0x28c8</load_address>
         <run_address>0x28c8</run_address>
         <size>0x55b</size>
         <input_file_ref idref="fl-28"/>
      </object_component>
      <object_component id="oc-65">
         <name>.debug_info</name>
         <load_address>0x2e23</load_address>
         <run_address>0x2e23</run_address>
         <size>0x76c</size>
         <input_file_ref idref="fl-29"/>
      </object_component>
      <object_component id="oc-6a">
         <name>.debug_info</name>
         <load_address>0x358f</load_address>
         <run_address>0x358f</run_address>
         <size>0x6ef</size>
         <input_file_ref idref="fl-2a"/>
      </object_component>
      <object_component id="oc-70">
         <name>.debug_info</name>
         <load_address>0x3c7e</load_address>
         <run_address>0x3c7e</run_address>
         <size>0x4de</size>
         <input_file_ref idref="fl-2b"/>
      </object_component>
      <object_component id="oc-74">
         <name>.debug_info</name>
         <load_address>0x415c</load_address>
         <run_address>0x415c</run_address>
         <size>0x521</size>
         <input_file_ref idref="fl-2c"/>
      </object_component>
      <object_component id="oc-79">
         <name>.debug_info</name>
         <load_address>0x467d</load_address>
         <run_address>0x467d</run_address>
         <size>0xbc</size>
         <input_file_ref idref="fl-2d"/>
      </object_component>
      <object_component id="oc-7e">
         <name>.debug_info</name>
         <load_address>0x4739</load_address>
         <run_address>0x4739</run_address>
         <size>0x5bc</size>
         <input_file_ref idref="fl-2e"/>
      </object_component>
      <object_component id="oc-83">
         <name>.debug_info</name>
         <load_address>0x4cf5</load_address>
         <run_address>0x4cf5</run_address>
         <size>0x27bd</size>
         <input_file_ref idref="fl-2f"/>
      </object_component>
      <object_component id="oc-89">
         <name>.debug_info</name>
         <load_address>0x74b2</load_address>
         <run_address>0x74b2</run_address>
         <size>0x586</size>
         <input_file_ref idref="fl-30"/>
      </object_component>
      <object_component id="oc-8d">
         <name>.debug_info</name>
         <load_address>0x7a38</load_address>
         <run_address>0x7a38</run_address>
         <size>0x5a4</size>
         <input_file_ref idref="fl-31"/>
      </object_component>
      <object_component id="oc-91">
         <name>.debug_info</name>
         <load_address>0x7fdc</load_address>
         <run_address>0x7fdc</run_address>
         <size>0xcd</size>
         <input_file_ref idref="fl-32"/>
      </object_component>
      <object_component id="oc-94">
         <name>.debug_info</name>
         <load_address>0x80a9</load_address>
         <run_address>0x80a9</run_address>
         <size>0x498</size>
         <input_file_ref idref="fl-33"/>
      </object_component>
      <object_component id="oc-97">
         <name>.debug_info</name>
         <load_address>0x8541</load_address>
         <run_address>0x8541</run_address>
         <size>0x57e</size>
         <input_file_ref idref="fl-34"/>
      </object_component>
      <object_component id="oc-9b">
         <name>.debug_info</name>
         <load_address>0x8abf</load_address>
         <run_address>0x8abf</run_address>
         <size>0x7e8</size>
         <input_file_ref idref="fl-35"/>
      </object_component>
      <object_component id="oc-9f">
         <name>.debug_info</name>
         <load_address>0x92a7</load_address>
         <run_address>0x92a7</run_address>
         <size>0x534</size>
         <input_file_ref idref="fl-36"/>
      </object_component>
      <object_component id="oc-a3">
         <name>.debug_info</name>
         <load_address>0x97db</load_address>
         <run_address>0x97db</run_address>
         <size>0x6aa</size>
         <input_file_ref idref="fl-37"/>
      </object_component>
      <object_component id="oc-a7">
         <name>.debug_info</name>
         <load_address>0x9e85</load_address>
         <run_address>0x9e85</run_address>
         <size>0x942</size>
         <input_file_ref idref="fl-38"/>
      </object_component>
      <object_component id="oc-ac">
         <name>.debug_info</name>
         <load_address>0xa7c7</load_address>
         <run_address>0xa7c7</run_address>
         <size>0x4d2</size>
         <input_file_ref idref="fl-39"/>
      </object_component>
      <object_component id="oc-b0">
         <name>.debug_info</name>
         <load_address>0xac99</load_address>
         <run_address>0xac99</run_address>
         <size>0x53e</size>
         <input_file_ref idref="fl-3a"/>
      </object_component>
      <object_component id="oc-b4">
         <name>.debug_info</name>
         <load_address>0xb1d7</load_address>
         <run_address>0xb1d7</run_address>
         <size>0x680</size>
         <input_file_ref idref="fl-3b"/>
      </object_component>
      <object_component id="oc-b8">
         <name>.debug_info</name>
         <load_address>0xb857</load_address>
         <run_address>0xb857</run_address>
         <size>0x7d4</size>
         <input_file_ref idref="fl-3c"/>
      </object_component>
      <object_component id="oc-bc">
         <name>.debug_info</name>
         <load_address>0xc02b</load_address>
         <run_address>0xc02b</run_address>
         <size>0xbd</size>
         <input_file_ref idref="fl-3d"/>
      </object_component>
      <object_component id="oc-c1">
         <name>.debug_info</name>
         <load_address>0xc0e8</load_address>
         <run_address>0xc0e8</run_address>
         <size>0x144b</size>
         <input_file_ref idref="fl-3e"/>
      </object_component>
      <object_component id="oc-c6">
         <name>.debug_info</name>
         <load_address>0xd533</load_address>
         <run_address>0xd533</run_address>
         <size>0x5ad</size>
         <input_file_ref idref="fl-3f"/>
      </object_component>
      <object_component id="oc-ca">
         <name>.debug_info</name>
         <load_address>0xdae0</load_address>
         <run_address>0xdae0</run_address>
         <size>0x574</size>
         <input_file_ref idref="fl-40"/>
      </object_component>
      <object_component id="oc-ce">
         <name>.debug_info</name>
         <load_address>0xe054</load_address>
         <run_address>0xe054</run_address>
         <size>0xd1</size>
         <input_file_ref idref="fl-41"/>
      </object_component>
      <object_component id="oc-d2">
         <name>.debug_info</name>
         <load_address>0xe125</load_address>
         <run_address>0xe125</run_address>
         <size>0x50c</size>
         <input_file_ref idref="fl-42"/>
      </object_component>
      <object_component id="oc-d7">
         <name>.debug_info</name>
         <load_address>0xe631</load_address>
         <run_address>0xe631</run_address>
         <size>0x4b7</size>
         <input_file_ref idref="fl-43"/>
      </object_component>
      <object_component id="oc-db">
         <name>.debug_info</name>
         <load_address>0xeae8</load_address>
         <run_address>0xeae8</run_address>
         <size>0x4f2</size>
         <input_file_ref idref="fl-44"/>
      </object_component>
      <object_component id="oc-df">
         <name>.debug_info</name>
         <load_address>0xefda</load_address>
         <run_address>0xefda</run_address>
         <size>0x534</size>
         <input_file_ref idref="fl-45"/>
      </object_component>
      <object_component id="oc-e3">
         <name>.debug_info</name>
         <load_address>0xf50e</load_address>
         <run_address>0xf50e</run_address>
         <size>0x52e</size>
         <input_file_ref idref="fl-46"/>
      </object_component>
      <object_component id="oc-e9">
         <name>.debug_info</name>
         <load_address>0xfa3c</load_address>
         <run_address>0xfa3c</run_address>
         <size>0xed4</size>
         <input_file_ref idref="fl-47"/>
      </object_component>
      <object_component id="oc-ed">
         <name>.debug_info</name>
         <load_address>0x10910</load_address>
         <run_address>0x10910</run_address>
         <size>0x744</size>
         <input_file_ref idref="fl-48"/>
      </object_component>
      <object_component id="oc-f3">
         <name>.debug_info</name>
         <load_address>0x11054</load_address>
         <run_address>0x11054</run_address>
         <size>0xef</size>
         <input_file_ref idref="fl-49"/>
      </object_component>
      <object_component id="oc-f7">
         <name>.debug_info</name>
         <load_address>0x11143</load_address>
         <run_address>0x11143</run_address>
         <size>0x662</size>
         <input_file_ref idref="fl-4a"/>
      </object_component>
      <object_component id="oc-fb">
         <name>.debug_info</name>
         <load_address>0x117a5</load_address>
         <run_address>0x117a5</run_address>
         <size>0x4f2</size>
         <input_file_ref idref="fl-4b"/>
      </object_component>
      <object_component id="oc-ff">
         <name>.debug_info</name>
         <load_address>0x11c97</load_address>
         <run_address>0x11c97</run_address>
         <size>0x706</size>
         <input_file_ref idref="fl-4c"/>
      </object_component>
      <object_component id="oc-103">
         <name>.debug_info</name>
         <load_address>0x1239d</load_address>
         <run_address>0x1239d</run_address>
         <size>0x5f7</size>
         <input_file_ref idref="fl-4d"/>
      </object_component>
      <object_component id="oc-107">
         <name>.debug_info</name>
         <load_address>0x12994</load_address>
         <run_address>0x12994</run_address>
         <size>0x64a</size>
         <input_file_ref idref="fl-4e"/>
      </object_component>
      <object_component id="oc-10c">
         <name>.debug_info</name>
         <load_address>0x12fde</load_address>
         <run_address>0x12fde</run_address>
         <size>0xa1c</size>
         <input_file_ref idref="fl-4f"/>
      </object_component>
      <object_component id="oc-112">
         <name>.debug_info</name>
         <load_address>0x139fa</load_address>
         <run_address>0x139fa</run_address>
         <size>0xb97</size>
         <input_file_ref idref="fl-50"/>
      </object_component>
      <object_component id="oc-118">
         <name>.debug_info</name>
         <load_address>0x14591</load_address>
         <run_address>0x14591</run_address>
         <size>0x64f</size>
         <input_file_ref idref="fl-51"/>
      </object_component>
      <object_component id="oc-11c">
         <name>.debug_info</name>
         <load_address>0x14be0</load_address>
         <run_address>0x14be0</run_address>
         <size>0x510</size>
         <input_file_ref idref="fl-52"/>
      </object_component>
      <object_component id="oc-14b">
         <name>.debug_info</name>
         <load_address>0x150f0</load_address>
         <run_address>0x150f0</run_address>
         <size>0x6e</size>
      </object_component>
      <object_component id="oc-3d">
         <name>.debug_line</name>
         <load_address>0x0</load_address>
         <run_address>0x0</run_address>
         <size>0x5c</size>
         <input_file_ref idref="fl-20"/>
      </object_component>
      <object_component id="oc-42">
         <name>.debug_line</name>
         <load_address>0x5c</load_address>
         <run_address>0x5c</run_address>
         <size>0x54</size>
         <input_file_ref idref="fl-21"/>
      </object_component>
      <object_component id="oc-46">
         <name>.debug_line</name>
         <load_address>0xb0</load_address>
         <run_address>0xb0</run_address>
         <size>0xad</size>
         <input_file_ref idref="fl-22"/>
      </object_component>
      <object_component id="oc-4d">
         <name>.debug_line</name>
         <load_address>0x15d</load_address>
         <run_address>0x15d</run_address>
         <size>0x51</size>
         <input_file_ref idref="fl-23"/>
      </object_component>
      <object_component id="oc-51">
         <name>.debug_line</name>
         <load_address>0x1ae</load_address>
         <run_address>0x1ae</run_address>
         <size>0x3d</size>
         <input_file_ref idref="fl-24"/>
      </object_component>
      <object_component id="oc-55">
         <name>.debug_line</name>
         <load_address>0x1eb</load_address>
         <run_address>0x1eb</run_address>
         <size>0x3d</size>
         <input_file_ref idref="fl-25"/>
      </object_component>
      <object_component id="oc-59">
         <name>.debug_line</name>
         <load_address>0x228</load_address>
         <run_address>0x228</run_address>
         <size>0x3d</size>
         <input_file_ref idref="fl-26"/>
      </object_component>
      <object_component id="oc-5e">
         <name>.debug_line</name>
         <load_address>0x265</load_address>
         <run_address>0x265</run_address>
         <size>0x44</size>
         <input_file_ref idref="fl-27"/>
      </object_component>
      <object_component id="oc-62">
         <name>.debug_line</name>
         <load_address>0x2a9</load_address>
         <run_address>0x2a9</run_address>
         <size>0x3c</size>
         <input_file_ref idref="fl-28"/>
      </object_component>
      <object_component id="oc-66">
         <name>.debug_line</name>
         <load_address>0x2e5</load_address>
         <run_address>0x2e5</run_address>
         <size>0x69</size>
         <input_file_ref idref="fl-29"/>
      </object_component>
      <object_component id="oc-6d">
         <name>.debug_line</name>
         <load_address>0x34e</load_address>
         <run_address>0x34e</run_address>
         <size>0x54</size>
         <input_file_ref idref="fl-2a"/>
      </object_component>
      <object_component id="oc-71">
         <name>.debug_line</name>
         <load_address>0x3a2</load_address>
         <run_address>0x3a2</run_address>
         <size>0x37</size>
         <input_file_ref idref="fl-2b"/>
      </object_component>
      <object_component id="oc-76">
         <name>.debug_line</name>
         <load_address>0x3d9</load_address>
         <run_address>0x3d9</run_address>
         <size>0x38</size>
         <input_file_ref idref="fl-2c"/>
      </object_component>
      <object_component id="oc-7a">
         <name>.debug_line</name>
         <load_address>0x411</load_address>
         <run_address>0x411</run_address>
         <size>0x37</size>
         <input_file_ref idref="fl-2d"/>
      </object_component>
      <object_component id="oc-80">
         <name>.debug_line</name>
         <load_address>0x448</load_address>
         <run_address>0x448</run_address>
         <size>0x57</size>
         <input_file_ref idref="fl-2e"/>
      </object_component>
      <object_component id="oc-86">
         <name>.debug_line</name>
         <load_address>0x49f</load_address>
         <run_address>0x49f</run_address>
         <size>0x328</size>
         <input_file_ref idref="fl-2f"/>
      </object_component>
      <object_component id="oc-8a">
         <name>.debug_line</name>
         <load_address>0x7c7</load_address>
         <run_address>0x7c7</run_address>
         <size>0x41</size>
         <input_file_ref idref="fl-30"/>
      </object_component>
      <object_component id="oc-8e">
         <name>.debug_line</name>
         <load_address>0x808</load_address>
         <run_address>0x808</run_address>
         <size>0x46</size>
         <input_file_ref idref="fl-31"/>
      </object_component>
      <object_component id="oc-92">
         <name>.debug_line</name>
         <load_address>0x84e</load_address>
         <run_address>0x84e</run_address>
         <size>0x55</size>
         <input_file_ref idref="fl-32"/>
      </object_component>
      <object_component id="oc-9c">
         <name>.debug_line</name>
         <load_address>0x8a3</load_address>
         <run_address>0x8a3</run_address>
         <size>0x5b</size>
         <input_file_ref idref="fl-35"/>
      </object_component>
      <object_component id="oc-a0">
         <name>.debug_line</name>
         <load_address>0x8fe</load_address>
         <run_address>0x8fe</run_address>
         <size>0x44</size>
         <input_file_ref idref="fl-36"/>
      </object_component>
      <object_component id="oc-a4">
         <name>.debug_line</name>
         <load_address>0x942</load_address>
         <run_address>0x942</run_address>
         <size>0x56</size>
         <input_file_ref idref="fl-37"/>
      </object_component>
      <object_component id="oc-a9">
         <name>.debug_line</name>
         <load_address>0x998</load_address>
         <run_address>0x998</run_address>
         <size>0xa8</size>
         <input_file_ref idref="fl-38"/>
      </object_component>
      <object_component id="oc-ad">
         <name>.debug_line</name>
         <load_address>0xa40</load_address>
         <run_address>0xa40</run_address>
         <size>0x3a</size>
         <input_file_ref idref="fl-39"/>
      </object_component>
      <object_component id="oc-b1">
         <name>.debug_line</name>
         <load_address>0xa7a</load_address>
         <run_address>0xa7a</run_address>
         <size>0x40</size>
         <input_file_ref idref="fl-3a"/>
      </object_component>
      <object_component id="oc-b5">
         <name>.debug_line</name>
         <load_address>0xaba</load_address>
         <run_address>0xaba</run_address>
         <size>0x38</size>
         <input_file_ref idref="fl-3b"/>
      </object_component>
      <object_component id="oc-b9">
         <name>.debug_line</name>
         <load_address>0xaf2</load_address>
         <run_address>0xaf2</run_address>
         <size>0xa8</size>
         <input_file_ref idref="fl-3c"/>
      </object_component>
      <object_component id="oc-bd">
         <name>.debug_line</name>
         <load_address>0xb9a</load_address>
         <run_address>0xb9a</run_address>
         <size>0x3c</size>
         <input_file_ref idref="fl-3d"/>
      </object_component>
      <object_component id="oc-c3">
         <name>.debug_line</name>
         <load_address>0xbd6</load_address>
         <run_address>0xbd6</run_address>
         <size>0x1b0</size>
         <input_file_ref idref="fl-3e"/>
      </object_component>
      <object_component id="oc-c7">
         <name>.debug_line</name>
         <load_address>0xd86</load_address>
         <run_address>0xd86</run_address>
         <size>0x40</size>
         <input_file_ref idref="fl-3f"/>
      </object_component>
      <object_component id="oc-cb">
         <name>.debug_line</name>
         <load_address>0xdc6</load_address>
         <run_address>0xdc6</run_address>
         <size>0x3c</size>
         <input_file_ref idref="fl-40"/>
      </object_component>
      <object_component id="oc-cf">
         <name>.debug_line</name>
         <load_address>0xe02</load_address>
         <run_address>0xe02</run_address>
         <size>0x4d</size>
         <input_file_ref idref="fl-41"/>
      </object_component>
      <object_component id="oc-d4">
         <name>.debug_line</name>
         <load_address>0xe4f</load_address>
         <run_address>0xe4f</run_address>
         <size>0x3c</size>
         <input_file_ref idref="fl-42"/>
      </object_component>
      <object_component id="oc-d8">
         <name>.debug_line</name>
         <load_address>0xe8b</load_address>
         <run_address>0xe8b</run_address>
         <size>0x37</size>
         <input_file_ref idref="fl-43"/>
      </object_component>
      <object_component id="oc-dc">
         <name>.debug_line</name>
         <load_address>0xec2</load_address>
         <run_address>0xec2</run_address>
         <size>0x3c</size>
         <input_file_ref idref="fl-44"/>
      </object_component>
      <object_component id="oc-e0">
         <name>.debug_line</name>
         <load_address>0xefe</load_address>
         <run_address>0xefe</run_address>
         <size>0x44</size>
         <input_file_ref idref="fl-45"/>
      </object_component>
      <object_component id="oc-e5">
         <name>.debug_line</name>
         <load_address>0xf42</load_address>
         <run_address>0xf42</run_address>
         <size>0x3a</size>
         <input_file_ref idref="fl-46"/>
      </object_component>
      <object_component id="oc-ea">
         <name>.debug_line</name>
         <load_address>0xf7c</load_address>
         <run_address>0xf7c</run_address>
         <size>0x15d</size>
         <input_file_ref idref="fl-47"/>
      </object_component>
      <object_component id="oc-f0">
         <name>.debug_line</name>
         <load_address>0x10d9</load_address>
         <run_address>0x10d9</run_address>
         <size>0x6a</size>
         <input_file_ref idref="fl-48"/>
      </object_component>
      <object_component id="oc-f4">
         <name>.debug_line</name>
         <load_address>0x1143</load_address>
         <run_address>0x1143</run_address>
         <size>0x58</size>
         <input_file_ref idref="fl-49"/>
      </object_component>
      <object_component id="oc-f8">
         <name>.debug_line</name>
         <load_address>0x119b</load_address>
         <run_address>0x119b</run_address>
         <size>0x57</size>
         <input_file_ref idref="fl-4a"/>
      </object_component>
      <object_component id="oc-fc">
         <name>.debug_line</name>
         <load_address>0x11f2</load_address>
         <run_address>0x11f2</run_address>
         <size>0x3c</size>
         <input_file_ref idref="fl-4b"/>
      </object_component>
      <object_component id="oc-100">
         <name>.debug_line</name>
         <load_address>0x122e</load_address>
         <run_address>0x122e</run_address>
         <size>0x5b</size>
         <input_file_ref idref="fl-4c"/>
      </object_component>
      <object_component id="oc-104">
         <name>.debug_line</name>
         <load_address>0x1289</load_address>
         <run_address>0x1289</run_address>
         <size>0x3c</size>
         <input_file_ref idref="fl-4d"/>
      </object_component>
      <object_component id="oc-108">
         <name>.debug_line</name>
         <load_address>0x12c5</load_address>
         <run_address>0x12c5</run_address>
         <size>0x3f</size>
         <input_file_ref idref="fl-4e"/>
      </object_component>
      <object_component id="oc-10e">
         <name>.debug_line</name>
         <load_address>0x1304</load_address>
         <run_address>0x1304</run_address>
         <size>0xd7</size>
         <input_file_ref idref="fl-4f"/>
      </object_component>
      <object_component id="oc-115">
         <name>.debug_line</name>
         <load_address>0x13db</load_address>
         <run_address>0x13db</run_address>
         <size>0x112</size>
         <input_file_ref idref="fl-50"/>
      </object_component>
      <object_component id="oc-119">
         <name>.debug_line</name>
         <load_address>0x14ed</load_address>
         <run_address>0x14ed</run_address>
         <size>0x3d</size>
         <input_file_ref idref="fl-51"/>
      </object_component>
      <object_component id="oc-11d">
         <name>.debug_line</name>
         <load_address>0x152a</load_address>
         <run_address>0x152a</run_address>
         <size>0x39</size>
         <input_file_ref idref="fl-52"/>
      </object_component>
      <object_component id="oc-3e">
         <name>.debug_abbrev</name>
         <load_address>0x0</load_address>
         <run_address>0x0</run_address>
         <size>0xd4</size>
         <input_file_ref idref="fl-20"/>
      </object_component>
      <object_component id="oc-43">
         <name>.debug_abbrev</name>
         <load_address>0xd4</load_address>
         <run_address>0xd4</run_address>
         <size>0x3a</size>
         <input_file_ref idref="fl-21"/>
      </object_component>
      <object_component id="oc-47">
         <name>.debug_abbrev</name>
         <load_address>0x10e</load_address>
         <run_address>0x10e</run_address>
         <size>0xb7</size>
         <input_file_ref idref="fl-22"/>
      </object_component>
      <object_component id="oc-4e">
         <name>.debug_abbrev</name>
         <load_address>0x1c5</load_address>
         <run_address>0x1c5</run_address>
         <size>0xf7</size>
         <input_file_ref idref="fl-23"/>
      </object_component>
      <object_component id="oc-52">
         <name>.debug_abbrev</name>
         <load_address>0x2bc</load_address>
         <run_address>0x2bc</run_address>
         <size>0x8f</size>
         <input_file_ref idref="fl-24"/>
      </object_component>
      <object_component id="oc-56">
         <name>.debug_abbrev</name>
         <load_address>0x34b</load_address>
         <run_address>0x34b</run_address>
         <size>0xb7</size>
         <input_file_ref idref="fl-25"/>
      </object_component>
      <object_component id="oc-5a">
         <name>.debug_abbrev</name>
         <load_address>0x402</load_address>
         <run_address>0x402</run_address>
         <size>0x8f</size>
         <input_file_ref idref="fl-26"/>
      </object_component>
      <object_component id="oc-5f">
         <name>.debug_abbrev</name>
         <load_address>0x491</load_address>
         <run_address>0x491</run_address>
         <size>0xc2</size>
         <input_file_ref idref="fl-27"/>
      </object_component>
      <object_component id="oc-63">
         <name>.debug_abbrev</name>
         <load_address>0x553</load_address>
         <run_address>0x553</run_address>
         <size>0xdc</size>
         <input_file_ref idref="fl-28"/>
      </object_component>
      <object_component id="oc-67">
         <name>.debug_abbrev</name>
         <load_address>0x62f</load_address>
         <run_address>0x62f</run_address>
         <size>0x145</size>
         <input_file_ref idref="fl-29"/>
      </object_component>
      <object_component id="oc-6e">
         <name>.debug_abbrev</name>
         <load_address>0x774</load_address>
         <run_address>0x774</run_address>
         <size>0xcc</size>
         <input_file_ref idref="fl-2a"/>
      </object_component>
      <object_component id="oc-72">
         <name>.debug_abbrev</name>
         <load_address>0x840</load_address>
         <run_address>0x840</run_address>
         <size>0x8f</size>
         <input_file_ref idref="fl-2b"/>
      </object_component>
      <object_component id="oc-77">
         <name>.debug_abbrev</name>
         <load_address>0x8cf</load_address>
         <run_address>0x8cf</run_address>
         <size>0xaf</size>
         <input_file_ref idref="fl-2c"/>
      </object_component>
      <object_component id="oc-7b">
         <name>.debug_abbrev</name>
         <load_address>0x97e</load_address>
         <run_address>0x97e</run_address>
         <size>0x26</size>
         <input_file_ref idref="fl-2d"/>
      </object_component>
      <object_component id="oc-81">
         <name>.debug_abbrev</name>
         <load_address>0x9a4</load_address>
         <run_address>0x9a4</run_address>
         <size>0x9f</size>
         <input_file_ref idref="fl-2e"/>
      </object_component>
      <object_component id="oc-87">
         <name>.debug_abbrev</name>
         <load_address>0xa43</load_address>
         <run_address>0xa43</run_address>
         <size>0x1f8</size>
         <input_file_ref idref="fl-2f"/>
      </object_component>
      <object_component id="oc-8b">
         <name>.debug_abbrev</name>
         <load_address>0xc3b</load_address>
         <run_address>0xc3b</run_address>
         <size>0xec</size>
         <input_file_ref idref="fl-30"/>
      </object_component>
      <object_component id="oc-8f">
         <name>.debug_abbrev</name>
         <load_address>0xd27</load_address>
         <run_address>0xd27</run_address>
         <size>0xd5</size>
         <input_file_ref idref="fl-31"/>
      </object_component>
      <object_component id="oc-93">
         <name>.debug_abbrev</name>
         <load_address>0xdfc</load_address>
         <run_address>0xdfc</run_address>
         <size>0x44</size>
         <input_file_ref idref="fl-32"/>
      </object_component>
      <object_component id="oc-95">
         <name>.debug_abbrev</name>
         <load_address>0xe40</load_address>
         <run_address>0xe40</run_address>
         <size>0x68</size>
         <input_file_ref idref="fl-33"/>
      </object_component>
      <object_component id="oc-99">
         <name>.debug_abbrev</name>
         <load_address>0xea8</load_address>
         <run_address>0xea8</run_address>
         <size>0x83</size>
         <input_file_ref idref="fl-34"/>
      </object_component>
      <object_component id="oc-9d">
         <name>.debug_abbrev</name>
         <load_address>0xf2b</load_address>
         <run_address>0xf2b</run_address>
         <size>0x112</size>
         <input_file_ref idref="fl-35"/>
      </object_component>
      <object_component id="oc-a1">
         <name>.debug_abbrev</name>
         <load_address>0x103d</load_address>
         <run_address>0x103d</run_address>
         <size>0xb5</size>
         <input_file_ref idref="fl-36"/>
      </object_component>
      <object_component id="oc-a5">
         <name>.debug_abbrev</name>
         <load_address>0x10f2</load_address>
         <run_address>0x10f2</run_address>
         <size>0x103</size>
         <input_file_ref idref="fl-37"/>
      </object_component>
      <object_component id="oc-aa">
         <name>.debug_abbrev</name>
         <load_address>0x11f5</load_address>
         <run_address>0x11f5</run_address>
         <size>0x140</size>
         <input_file_ref idref="fl-38"/>
      </object_component>
      <object_component id="oc-ae">
         <name>.debug_abbrev</name>
         <load_address>0x1335</load_address>
         <run_address>0x1335</run_address>
         <size>0x81</size>
         <input_file_ref idref="fl-39"/>
      </object_component>
      <object_component id="oc-b2">
         <name>.debug_abbrev</name>
         <load_address>0x13b6</load_address>
         <run_address>0x13b6</run_address>
         <size>0x9a</size>
         <input_file_ref idref="fl-3a"/>
      </object_component>
      <object_component id="oc-b6">
         <name>.debug_abbrev</name>
         <load_address>0x1450</load_address>
         <run_address>0x1450</run_address>
         <size>0xd0</size>
         <input_file_ref idref="fl-3b"/>
      </object_component>
      <object_component id="oc-ba">
         <name>.debug_abbrev</name>
         <load_address>0x1520</load_address>
         <run_address>0x1520</run_address>
         <size>0xb7</size>
         <input_file_ref idref="fl-3c"/>
      </object_component>
      <object_component id="oc-be">
         <name>.debug_abbrev</name>
         <load_address>0x15d7</load_address>
         <run_address>0x15d7</run_address>
         <size>0x38</size>
         <input_file_ref idref="fl-3d"/>
      </object_component>
      <object_component id="oc-c4">
         <name>.debug_abbrev</name>
         <load_address>0x160f</load_address>
         <run_address>0x160f</run_address>
         <size>0x225</size>
         <input_file_ref idref="fl-3e"/>
      </object_component>
      <object_component id="oc-c8">
         <name>.debug_abbrev</name>
         <load_address>0x1834</load_address>
         <run_address>0x1834</run_address>
         <size>0xec</size>
         <input_file_ref idref="fl-3f"/>
      </object_component>
      <object_component id="oc-cc">
         <name>.debug_abbrev</name>
         <load_address>0x1920</load_address>
         <run_address>0x1920</run_address>
         <size>0xb7</size>
         <input_file_ref idref="fl-40"/>
      </object_component>
      <object_component id="oc-d0">
         <name>.debug_abbrev</name>
         <load_address>0x19d7</load_address>
         <run_address>0x19d7</run_address>
         <size>0x38</size>
         <input_file_ref idref="fl-41"/>
      </object_component>
      <object_component id="oc-d5">
         <name>.debug_abbrev</name>
         <load_address>0x1a0f</load_address>
         <run_address>0x1a0f</run_address>
         <size>0x98</size>
         <input_file_ref idref="fl-42"/>
      </object_component>
      <object_component id="oc-d9">
         <name>.debug_abbrev</name>
         <load_address>0x1aa7</load_address>
         <run_address>0x1aa7</run_address>
         <size>0x81</size>
         <input_file_ref idref="fl-43"/>
      </object_component>
      <object_component id="oc-dd">
         <name>.debug_abbrev</name>
         <load_address>0x1b28</load_address>
         <run_address>0x1b28</run_address>
         <size>0xa6</size>
         <input_file_ref idref="fl-44"/>
      </object_component>
      <object_component id="oc-e1">
         <name>.debug_abbrev</name>
         <load_address>0x1bce</load_address>
         <run_address>0x1bce</run_address>
         <size>0xb5</size>
         <input_file_ref idref="fl-45"/>
      </object_component>
      <object_component id="oc-e6">
         <name>.debug_abbrev</name>
         <load_address>0x1c83</load_address>
         <run_address>0x1c83</run_address>
         <size>0xaf</size>
         <input_file_ref idref="fl-46"/>
      </object_component>
      <object_component id="oc-eb">
         <name>.debug_abbrev</name>
         <load_address>0x1d32</load_address>
         <run_address>0x1d32</run_address>
         <size>0x15a</size>
         <input_file_ref idref="fl-47"/>
      </object_component>
      <object_component id="oc-f1">
         <name>.debug_abbrev</name>
         <load_address>0x1e8c</load_address>
         <run_address>0x1e8c</run_address>
         <size>0xde</size>
         <input_file_ref idref="fl-48"/>
      </object_component>
      <object_component id="oc-f5">
         <name>.debug_abbrev</name>
         <load_address>0x1f6a</load_address>
         <run_address>0x1f6a</run_address>
         <size>0x38</size>
         <input_file_ref idref="fl-49"/>
      </object_component>
      <object_component id="oc-f9">
         <name>.debug_abbrev</name>
         <load_address>0x1fa2</load_address>
         <run_address>0x1fa2</run_address>
         <size>0xd1</size>
         <input_file_ref idref="fl-4a"/>
      </object_component>
      <object_component id="oc-fd">
         <name>.debug_abbrev</name>
         <load_address>0x2073</load_address>
         <run_address>0x2073</run_address>
         <size>0xa6</size>
         <input_file_ref idref="fl-4b"/>
      </object_component>
      <object_component id="oc-101">
         <name>.debug_abbrev</name>
         <load_address>0x2119</load_address>
         <run_address>0x2119</run_address>
         <size>0x136</size>
         <input_file_ref idref="fl-4c"/>
      </object_component>
      <object_component id="oc-105">
         <name>.debug_abbrev</name>
         <load_address>0x224f</load_address>
         <run_address>0x224f</run_address>
         <size>0xd1</size>
         <input_file_ref idref="fl-4d"/>
      </object_component>
      <object_component id="oc-109">
         <name>.debug_abbrev</name>
         <load_address>0x2320</load_address>
         <run_address>0x2320</run_address>
         <size>0x10b</size>
         <input_file_ref idref="fl-4e"/>
      </object_component>
      <object_component id="oc-10f">
         <name>.debug_abbrev</name>
         <load_address>0x242b</load_address>
         <run_address>0x242b</run_address>
         <size>0x1a2</size>
         <input_file_ref idref="fl-4f"/>
      </object_component>
      <object_component id="oc-116">
         <name>.debug_abbrev</name>
         <load_address>0x25cd</load_address>
         <run_address>0x25cd</run_address>
         <size>0x1de</size>
         <input_file_ref idref="fl-50"/>
      </object_component>
      <object_component id="oc-11a">
         <name>.debug_abbrev</name>
         <load_address>0x27ab</load_address>
         <run_address>0x27ab</run_address>
         <size>0x118</size>
         <input_file_ref idref="fl-51"/>
      </object_component>
      <object_component id="oc-11e">
[...]
      <symbol id="sm-2ac">
         <name>_i2s3_read_INTR</name>
         <value>0x1355a</value>
         <object_component_ref idref="oc-3a"/>
      </symbol>
      <symbol id="sm-2ad">
         <name>_i2s2_read_TXR_LSW</name>
         <value>0x134b8</value>
         <object_component_ref idref="oc-3a"/>
      </symbol>
      <symbol id="sm-2ae">
         <name>_i2s3_read_RXL_LSW</name>
         <value>0x1356c</value>
         <object_component_ref idref="oc-3a"/>
      </symbol>
      <symbol id="sm-2af">
         <name>_i2s3_read_TXR_LSW</name>
         <value>0x13542</value>
         <object_component_ref idref="oc-3a"/>
      </symbol>
      <symbol id="sm-2b0">
         <name>_i2s1_read_CR</name>
         <value>0x133fe</value>
         <object_component_ref idref="oc-3a"/>
      </symbol>
      <symbol id="sm-2b1">
         <name>_i2s0_write_TXR_MSW</name>
         <value>0x133b6</value>
         <object_component_ref idref="oc-3a"/>
      </symbol>
      <symbol id="sm-2b2">
         <name>_i2s0_read_TXL_LSW</name>
         <value>0x1338c</value>
         <object_component_ref idref="oc-3a"/>
      </symbol>
      <symbol id="sm-2b3">
         <name>_i2s1_write_TXR_MSW</name>
         <value>0x13440</value>
         <object_component_ref idref="oc-3a"/>
      </symbol>
      <symbol id="sm-2b4">
         <name>_i2s1_read_TXL_LSW</name>
         <value>0x13416</value>
         <object_component_ref idref="oc-3a"/>
      </symbol>
      <symbol id="sm-2b5">
         <name>_i2s2_write_TXR_MSW</name>
         <value>0x134ca</value>
         <object_component_ref idref="oc-3a"/>
      </symbol>
      <symbol id="sm-2b6">
         <name>_i2s3_write_SRGR</name>
         <value>0x13524</value>
         <object_component_ref idref="oc-3a"/>
      </symbol>
      <symbol id="sm-2b7">
         <name>_i2s2_read_TXL_LSW</name>
         <value>0x134a0</value>
         <object_component_ref idref="oc-3a"/>
      </symbol>
      <symbol id="sm-2c1">
         <name>__addd</name>
         <value>0x13ae9</value>
         <object_component_ref idref="oc-3b"/>
      </symbol>
      <symbol id="sm-2cd">
         <name>__sysstack</name>
         <value>0x5000</value>
         <object_component_ref idref="oc-11f"/>
      </symbol>
      <symbol id="sm-2ce">
         <name>_c_int00</name>
         <value>0x1514d</value>
         <object_component_ref idref="oc-3f"/>
      </symbol>
      <symbol id="sm-2cf">
         <name>__stack</name>
         <value>0x4000</value>
         <object_component_ref idref="oc-40"/>
      </symbol>
      <symbol id="sm-2d9">
         <name>__eqld</name>
         <value>0x14093</value>
         <object_component_ref idref="oc-44"/>
      </symbol>
      <symbol id="sm-2da">
         <name>__cmpd</name>
         <value>0x140c7</value>
         <object_component_ref idref="oc-44"/>
      </symbol>
      <symbol id="sm-2db">
         <name>__neqd</name>
         <value>0x13f35</value>
         <object_component_ref idref="oc-44"/>
      </symbol>
      <symbol id="sm-2dc">
         <name>__gtrd</name>
         <value>0x13ffe</value>
         <object_component_ref idref="oc-44"/>
      </symbol>
      <symbol id="sm-2dd">
         <name>__geqd</name>
         <value>0x14049</value>
         <object_component_ref idref="oc-44"/>
      </symbol>
      <symbol id="sm-2de">
         <name>__leqd</name>
         <value>0x13fb1</value>
         <object_component_ref idref="oc-44"/>
      </symbol>
      <symbol id="sm-2df">
         <name>__lssd</name>
         <value>0x13f69</value>
         <object_component_ref idref="oc-44"/>
      </symbol>
      <symbol id="sm-2ef">
         <name>C$$EXIT</name>
         <value>0x15272</value>
         <object_component_ref idref="oc-4c"/>
      </symbol>
      <symbol id="sm-2f0">
         <name>_exit</name>
         <value>0x1510f</value>
         <object_component_ref idref="oc-48"/>
      </symbol>
      <symbol id="sm-2f1">
         <name>_abort</name>
         <value>0x15271</value>
         <object_component_ref idref="oc-4c"/>
      </symbol>
      <symbol id="sm-2f2">
         <name>__cleanup_ptr</name>
         <value>0x5dc</value>
         <object_component_ref idref="oc-49"/>
      </symbol>
      <symbol id="sm-2f3">
         <name>__dtors_ptr</name>
         <value>0x5e0</value>
         <object_component_ref idref="oc-49"/>
      </symbol>
      <symbol id="sm-2fd">
         <name>__fixdi</name>
         <value>0x15181</value>
         <object_component_ref idref="oc-4f"/>
      </symbol>
      <symbol id="sm-307">
         <name>__fixdli</name>
         <value>0x14c5a</value>
         <object_component_ref idref="oc-53"/>
      </symbol>
      <symbol id="sm-311">
         <name>__fltid</name>
         <value>0x1525b</value>
         <object_component_ref idref="oc-57"/>
      </symbol>
      <symbol id="sm-31d">
         <name>__fltlid</name>
         <value>0x14da1</value>
         <object_component_ref idref="oc-5b"/>
      </symbol>
      <symbol id="sm-327">
         <name>__mpyd</name>
         <value>0x14282</value>
         <object_component_ref idref="oc-60"/>
      </symbol>
      <symbol id="sm-331">
         <name>_printf</name>
         <value>0x14f14</value>
         <object_component_ref idref="oc-64"/>
      </symbol>
      <symbol id="sm-342">
         <name>_sin</name>
         <value>0x13d43</value>
         <object_component_ref idref="oc-68"/>
      </symbol>
      <symbol id="sm-34c">
         <name>__subd</name>
         <value>0x15212</value>
         <object_component_ref idref="oc-6f"/>
      </symbol>
      <symbol id="sm-358">
         <name>__trunc</name>
         <value>0x1508f</value>
         <object_component_ref idref="oc-73"/>
      </symbol>
      <symbol id="sm-362">
         <name>_Reset</name>
         <value>0x700</value>
         <object_component_ref idref="oc-21"/>
      </symbol>
      <symbol id="sm-370">
         <name>__unlock</name>
         <value>0x5d8</value>
         <object_component_ref idref="oc-7d"/>
      </symbol>
      <symbol id="sm-371">
         <name>__lock</name>
         <value>0x5d4</value>
         <object_component_ref idref="oc-7d"/>
      </symbol>
      <symbol id="sm-372">
         <name>__register_lock</name>
         <value>0x15241</value>
         <object_component_ref idref="oc-7c"/>
      </symbol>
      <symbol id="sm-373">
         <name>__nop</name>
         <value>0x15249</value>
         <object_component_ref idref="oc-7c"/>
      </symbol>
      <symbol id="sm-374">
         <name>__register_unlock</name>
         <value>0x15239</value>
         <object_component_ref idref="oc-7c"/>
      </symbol>
      <symbol id="sm-386">
         <name>__printfi</name>
         <value>0x11362</value>
         <object_component_ref idref="oc-82"/>
      </symbol>
      <symbol id="sm-390">
         <name>__args_main</name>
         <value>0x14fb1</value>
         <object_component_ref idref="oc-88"/>
      </symbol>
      <symbol id="sm-391">
         <name>__TI_args_main</name>
         <value>0x1</value>
      </symbol>
      <symbol id="sm-39b">
         <name>_atoi</name>
         <value>0x14e67</value>
         <object_component_ref idref="oc-8c"/>
      </symbol>
      <symbol id="sm-3a3">
         <name>_auto_init</name>
         <value>0x14f64</value>
         <object_component_ref idref="oc-90"/>
      </symbol>
      <symbol id="sm-3ab">
         <name>__ctypes_</name>
         <value>0x1527c</value>
         <object_component_ref idref="oc-120"/>
      </symbol>
      <symbol id="sm-3b5">
         <name>__tmpnams</name>
         <value>0x1b0</value>
         <object_component_ref idref="oc-96"/>
      </symbol>
      <symbol id="sm-3b6">
         <name>__ft_end</name>
         <value>0x2f0</value>
         <object_component_ref idref="oc-96"/>
      </symbol>
      <symbol id="sm-3b7">
         <name>__ftable</name>
         <value>0xc0</value>
         <object_component_ref idref="oc-96"/>
      </symbol>
      <symbol id="sm-3c3">
         <name>__divd</name>
         <value>0x12967</value>
         <object_component_ref idref="oc-9a"/>
      </symbol>
      <symbol id="sm-3ce">
         <name>__divul</name>
         <value>0x14872</value>
         <object_component_ref idref="oc-9e"/>
      </symbol>
      <symbol id="sm-3d8">
         <name>_putchar</name>
         <value>0x14863</value>
         <object_component_ref idref="oc-a2"/>
      </symbol>
      <symbol id="sm-3d9">
         <name>_putc</name>
         <value>0x147cc</value>
         <object_component_ref idref="oc-a2"/>
      </symbol>
      <symbol id="sm-3da">
         <name>_fputc</name>
         <value>0x147cc</value>
         <object_component_ref idref="oc-a2"/>
      </symbol>
      <symbol id="sm-3e8">
         <name>_puts</name>
         <value>0x14254</value>
         <object_component_ref idref="oc-a6"/>
      </symbol>
      <symbol id="sm-3e9">
         <name>_fputs</name>
         <value>0x1411f</value>
         <object_component_ref idref="oc-a6"/>
      </symbol>
      <symbol id="sm-3f3">
         <name>__frcmpyd</name>
         <value>0x14aff</value>
         <object_component_ref idref="oc-ab"/>
      </symbol>
      <symbol id="sm-3fd">
         <name>__frcmpyd_div</name>
         <value>0x14b75</value>
         <object_component_ref idref="oc-af"/>
      </symbol>
      <symbol id="sm-407">
         <name>___isinf</name>
         <value>0x151f8</value>
         <object_component_ref idref="oc-b3"/>
      </symbol>
      <symbol id="sm-411">
         <name>__divull</name>
         <value>0x139c0</value>
         <object_component_ref idref="oc-b7"/>
      </symbol>
      <symbol id="sm-412">
         <name>__mpylli</name>
         <value>0x13908</value>
         <object_component_ref idref="oc-b7"/>
      </symbol>
      <symbol id="sm-413">
         <name>__remlli</name>
         <value>0x138d9</value>
         <object_component_ref idref="oc-b7"/>
      </symbol>
      <symbol id="sm-414">
         <name>__divlli</name>
         <value>0x13ab4</value>
         <object_component_ref idref="oc-b7"/>
      </symbol>
      <symbol id="sm-415">
         <name>__remull</name>
         <value>0x1388b</value>
         <object_component_ref idref="oc-b7"/>
      </symbol>
      <symbol id="sm-41d">
         <name>__mpyli</name>
         <value>0x15226</value>
         <object_component_ref idref="oc-bb"/>
      </symbol>
      <symbol id="sm-41e">
         <name>I$$LMPY</name>
         <value>0x15226</value>
         <object_component_ref idref="oc-bb"/>
      </symbol>
      <symbol id="sm-430">
         <name>_add_device</name>
         <value>0x119f7</value>
         <object_component_ref idref="oc-bf"/>
      </symbol>
      <symbol id="sm-431">
         <name>_rename</name>
         <value>0x11719</value>
         <object_component_ref idref="oc-bf"/>
      </symbol>
      <symbol id="sm-432">
         <name>_read</name>
         <value>0x117a8</value>
         <object_component_ref idref="oc-bf"/>
      </symbol>
      <symbol id="sm-433">
         <name>_unlink</name>
         <value>0x116e6</value>
         <object_component_ref idref="oc-bf"/>
      </symbol>
      <symbol id="sm-434">
         <name>_remove_device</name>
         <value>0x11772</value>
         <object_component_ref idref="oc-bf"/>
      </symbol>
      <symbol id="sm-435">
         <name>_open</name>
         <value>0x11856</value>
         <object_component_ref idref="oc-bf"/>
      </symbol>
      <symbol id="sm-436">
         <name>_find_registered_device</name>
         <value>0x1197b</value>
         <object_component_ref idref="oc-bf"/>
      </symbol>
      <symbol id="sm-437">
         <name>_lseek</name>
         <value>0x11915</value>
         <object_component_ref idref="oc-bf"/>
      </symbol>
      <symbol id="sm-438">
         <name>_close</name>
         <value>0x11984</value>
         <object_component_ref idref="oc-bf"/>
      </symbol>
      <symbol id="sm-439">
         <name>_write</name>
         <value>0x115a4</value>
         <object_component_ref idref="oc-bf"/>
      </symbol>
      <symbol id="sm-443">
         <name>_ltoa</name>
         <value>0x14913</value>
         <object_component_ref idref="oc-c5"/>
      </symbol>
      <symbol id="sm-44e">
         <name>_memccpy</name>
         <value>0x151d5</value>
         <object_component_ref idref="oc-c9"/>
      </symbol>
      <symbol id="sm-456">
         <name>_memcpy</name>
         <value>0x150d0</value>
         <object_component_ref idref="oc-cd"/>
      </symbol>
      <symbol id="sm-462">
         <name>_modf</name>
         <value>0x14653</value>
         <object_component_ref idref="oc-d1"/>
      </symbol>
      <symbol id="sm-46c">
         <name>__negd</name>
         <value>0x1524b</value>
         <object_component_ref idref="oc-d6"/>
      </symbol>
      <symbol id="sm-476">
         <name>__remli</name>
         <value>0x14ffc</value>
         <object_component_ref idref="oc-da"/>
      </symbol>
      <symbol id="sm-481">
         <name>__remul</name>
         <value>0x14be8</value>
         <object_component_ref idref="oc-de"/>
      </symbol>
      <symbol id="sm-48d">
         <name>__nround</name>
         <value>0x14e08</value>
         <object_component_ref idref="oc-e2"/>
      </symbol>
      <symbol id="sm-499">
         <name>_HOSTopen</name>
         <value>0x11df2</value>
         <object_component_ref idref="oc-e7"/>
      </symbol>
      <symbol id="sm-49a">
         <name>_HOSTread</name>
         <value>0x11d65</value>
         <object_component_ref idref="oc-e7"/>
      </symbol>
      <symbol id="sm-49b">
         <name>_HOSTtime</name>
         <value>0x11c59</value>
         <object_component_ref idref="oc-e7"/>
      </symbol>
      <symbol id="sm-49c">
         <name>_getenv</name>
         <value>0x11ae7</value>
         <object_component_ref idref="oc-e7"/>
      </symbol>
      <symbol id="sm-49d">
         <name>_HOSTrename</name>
         <value>0x11cb7</value>
         <object_component_ref idref="oc-e7"/>
      </symbol>
      <symbol id="sm-49e">
         <name>_HOSTclock</name>
         <value>0x11fb1</value>
         <object_component_ref idref="oc-e7"/>
      </symbol>
      <symbol id="sm-49f">
         <name>_HOSTwrite</name>
         <value>0x11b62</value>
         <object_component_ref idref="oc-e7"/>
      </symbol>
      <symbol id="sm-4a0">
         <name>_HOSTlseek</name>
         <value>0x11e91</value>
         <object_component_ref idref="oc-e7"/>
      </symbol>
      <symbol id="sm-4a1">
         <name>_HOSTunlink</name>
         <value>0x11bef</value>
         <object_component_ref idref="oc-e7"/>
      </symbol>
      <symbol id="sm-4a2">
         <name>_HOSTclose</name>
         <value>0x11f46</value>
         <object_component_ref idref="oc-e7"/>
      </symbol>
      <symbol id="sm-4b4">
         <name>C$$IO$$</name>
         <value>0x147c7</value>
         <object_component_ref idref="oc-ef"/>
      </symbol>
      <symbol id="sm-4b5">
         <name>__CIOBUF_</name>
         <value>0x15630</value>
         <object_component_ref idref="oc-ee"/>
      </symbol>
      <symbol id="sm-4b6">
         <name>_readmsg</name>
         <value>0x14cc9</value>
         <object_component_ref idref="oc-ec"/>
      </symbol>
      <symbol id="sm-4b7">
         <name>_writemsg</name>
         <value>0x14712</value>
         <object_component_ref idref="oc-ef"/>
      </symbol>
      <symbol id="sm-4bf">
         <name>__remu</name>
         <value>0x151c0</value>
         <object_component_ref idref="oc-f2"/>
      </symbol>
      <symbol id="sm-4c0">
         <name>__divu</name>
         <value>0x151ab</value>
         <object_component_ref idref="oc-f2"/>
      </symbol>
      <symbol id="sm-4c1">
         <name>I$$UMOD</name>
         <value>0x151c0</value>
         <object_component_ref idref="oc-f2"/>
      </symbol>
      <symbol id="sm-4c2">
         <name>I$$UDIV</name>
         <value>0x151ab</value>
         <object_component_ref idref="oc-f2"/>
      </symbol>
      <symbol id="sm-4cc">
         <name>__rd_ok</name>
         <value>0x14534</value>
         <object_component_ref idref="oc-f6"/>
      </symbol>
      <symbol id="sm-4cd">
         <name>__wrt_ok</name>
         <value>0x144b4</value>
         <object_component_ref idref="oc-f6"/>
      </symbol>
      <symbol id="sm-4d7">
         <name>__divli</name>
         <value>0x15047</value>
         <object_component_ref idref="oc-fa"/>
      </symbol>
      <symbol id="sm-4e1">
         <name>__doflush</name>
         <value>0x14591</value>
         <object_component_ref idref="oc-fe"/>
      </symbol>
      <symbol id="sm-4e2">
         <name>_fflush</name>
         <value>0x145fa</value>
         <object_component_ref idref="oc-fe"/>
      </symbol>
      <symbol id="sm-4ec">
         <name>_fseek</name>
         <value>0x14d36</value>
         <object_component_ref idref="oc-102"/>
      </symbol>
      <symbol id="sm-4f6">
         <name>_setvbuf</name>
         <value>0x143ce</value>
         <object_component_ref idref="oc-106"/>
      </symbol>
      <symbol id="sm-505">
         <name>__cleanup</name>
         <value>0x1372d</value>
         <object_component_ref idref="oc-10a"/>
      </symbol>
      <symbol id="sm-506">
         <name>_fopen</name>
         <value>0x13850</value>
         <object_component_ref idref="oc-10a"/>
      </symbol>
      <symbol id="sm-507">
         <name>_freopen</name>
         <value>0x13787</value>
         <object_component_ref idref="oc-10a"/>
      </symbol>
      <symbol id="sm-517">
         <name>__sys_memory</name>
         <value>0x6000</value>
         <object_component_ref idref="oc-114"/>
      </symbol>
      <symbol id="sm-518">
         <name>_chkheap</name>
         <value>0x12496</value>
         <object_component_ref idref="oc-110"/>
      </symbol>
      <symbol id="sm-519">
         <name>_realloc</name>
         <value>0x12235</value>
         <object_component_ref idref="oc-110"/>
      </symbol>
      <symbol id="sm-51a">
         <name>_free_memory</name>
         <value>0x12440</value>
         <object_component_ref idref="oc-110"/>
      </symbol>
      <symbol id="sm-51b">
         <name>_max_free</name>
         <value>0x123e6</value>
         <object_component_ref idref="oc-110"/>
      </symbol>
      <symbol id="sm-51c">
         <name>_free</name>
         <value>0x1200f</value>
         <object_component_ref idref="oc-110"/>
      </symbol>
      <symbol id="sm-51d">
         <name>_calloc</name>
         <value>0x1249e</value>
         <object_component_ref idref="oc-110"/>
      </symbol>
      <symbol id="sm-51e">
         <name>_malloc</name>
         <value>0x12140</value>
         <object_component_ref idref="oc-110"/>
      </symbol>
      <symbol id="sm-51f">
         <name>_minit</name>
         <value>0x120db</value>
         <object_component_ref idref="oc-110"/>
      </symbol>
      <symbol id="sm-529">
         <name>_fclose</name>
         <value>0x14a0b</value>
         <object_component_ref idref="oc-117"/>
      </symbol>
      <symbol id="sm-533">
         <name>_remove</name>
         <value>0x15267</value>
         <object_component_ref idref="oc-11b"/>
      </symbol>
   </symbol_table>
</link_info>
